// Jest Snapshot v1, https://goo.gl/fbAQLP

exports[`<EmptyCard /> renders correctly 1`] = `
<div>
  <button
    class="css-myjhmi"
  />
</div>
`;
