// Jest Snapshot v1, https://goo.gl/fbAQLP

exports[`undoMove undoes a move from Hand --> Stock 1`] = `[Function]`;
